leftImg8bit/test_v2/14_fragment_19_frame_0001.png
leftImg8bit/test_v2/14_fragment_19_frame_0002.png
leftImg8bit/test_v2/14_fragment_19_frame_0003.png
leftImg8bit/test_v2/14_fragment_19_frame_0004.png
leftImg8bit/test_v2/14_fragment_19_frame_0005.png
leftImg8bit/test_v2/14_fragment_19_frame_0006.png
leftImg8bit/test_v2/14_fragment_19_frame_0007.png
leftImg8bit/test_v2/14_fragment_19_frame_0008.png
leftImg8bit/test_v2/14_fragment_19_frame_0009.png
leftImg8bit/test_v2/14_fragment_19_frame_0010.png
leftImg8bit/test_v2/14_fragment_19_frame_0011.png
leftImg8bit/test_v2/14_fragment_19_frame_0012.png
leftImg8bit/test_v2/14_fragment_19_frame_0013.png
leftImg8bit/test_v2/14_fragment_19_frame_0014.png
leftImg8bit/test_v2/14_fragment_19_frame_0015.png
leftImg8bit/test_v2/14_fragment_19_frame_0016.png
leftImg8bit/test_v2/14_fragment_19_frame_0017.png
leftImg8bit/test_v2/14_fragment_19_frame_0018.png
leftImg8bit/test_v2/14_fragment_19_frame_0019.png
leftImg8bit/test_v2/14_fragment_19_frame_0020.png
leftImg8bit/test_v2/14_fragment_19_frame_0021.png
leftImg8bit/test_v2/14_fragment_19_frame_0022.png
leftImg8bit/test_v2/14_fragment_19_frame_0023.png
leftImg8bit/test_v2/14_fragment_19_frame_0024.png
leftImg8bit/test_v2/14_fragment_19_frame_0025.png
leftImg8bit/test_v2/14_fragment_19_frame_0026.png
leftImg8bit/test_v2/14_fragment_19_frame_0027.png
leftImg8bit/test_v2/14_fragment_19_frame_0028.png
leftImg8bit/test_v2/14_fragment_19_frame_0029.png
leftImg8bit/test_v2/14_fragment_19_frame_0030.png
leftImg8bit/test_v2/14_fragment_19_frame_0031.png
leftImg8bit/test_v2/14_fragment_19_frame_0032.png
leftImg8bit/test_v2/14_fragment_19_frame_0033.png
leftImg8bit/test_v2/14_fragment_19_frame_0034.png
leftImg8bit/test_v2/14_fragment_19_frame_0035.png
leftImg8bit/test_v2/14_fragment_19_frame_0036.png
leftImg8bit/test_v2/14_fragment_19_frame_0037.png
leftImg8bit/test_v2/14_fragment_19_frame_0038.png
leftImg8bit/test_v2/14_fragment_19_frame_0039.png
leftImg8bit/test_v2/14_fragment_19_frame_0040.png
leftImg8bit/test_v2/14_fragment_19_frame_0041.png
leftImg8bit/test_v2/14_fragment_19_frame_0042.png
leftImg8bit/test_v2/14_fragment_19_frame_0043.png
leftImg8bit/test_v2/14_fragment_19_frame_0044.png
leftImg8bit/test_v2/14_fragment_19_frame_0045.png
leftImg8bit/test_v2/14_fragment_19_frame_0046.png
leftImg8bit/test_v2/14_fragment_19_frame_0047.png
leftImg8bit/test_v2/14_fragment_19_frame_0048.png
leftImg8bit/test_v2/14_fragment_19_frame_0049.png
leftImg8bit/test_v2/14_fragment_19_frame_0050.png
leftImg8bit/test_v2/14_fragment_19_frame_0051.png
leftImg8bit/test_v2/14_fragment_19_frame_0052.png
leftImg8bit/test_v2/14_fragment_19_frame_0053.png
leftImg8bit/test_v2/14_fragment_19_frame_0054.png
leftImg8bit/test_v2/14_fragment_19_frame_0055.png
leftImg8bit/test_v2/14_fragment_19_frame_0056.png
leftImg8bit/test_v2/14_fragment_19_frame_0057.png
leftImg8bit/test_v2/14_fragment_19_frame_0058.png
leftImg8bit/test_v2/14_fragment_19_frame_0059.png
leftImg8bit/test_v2/14_fragment_19_frame_0060.png
leftImg8bit/test_v2/14_fragment_19_frame_0061.png
leftImg8bit/test_v2/14_fragment_19_frame_0062.png
leftImg8bit/test_v2/14_fragment_19_frame_0063.png
leftImg8bit/test_v2/14_fragment_19_frame_0064.png
leftImg8bit/test_v2/14_fragment_19_frame_0065.png
leftImg8bit/test_v2/14_fragment_19_frame_0066.png
leftImg8bit/test_v2/14_fragment_19_frame_0067.png
leftImg8bit/test_v2/14_fragment_19_frame_0068.png
leftImg8bit/test_v2/14_fragment_19_frame_0069.png
leftImg8bit/test_v2/14_fragment_19_frame_0070.png
leftImg8bit/test_v2/14_fragment_19_frame_0071.png
leftImg8bit/test_v2/14_fragment_19_frame_0072.png
leftImg8bit/test_v2/14_fragment_19_frame_0073.png
leftImg8bit/test_v2/14_fragment_19_frame_0074.png
leftImg8bit/test_v2/14_fragment_19_frame_0075.png
leftImg8bit/test_v2/14_fragment_19_frame_0076.png
leftImg8bit/test_v2/14_fragment_19_frame_0077.png
leftImg8bit/test_v2/14_fragment_19_frame_0078.png
leftImg8bit/test_v2/14_fragment_19_frame_0079.png
leftImg8bit/test_v2/14_fragment_19_frame_0080.png
leftImg8bit/test_v2/14_fragment_19_frame_0081.png
leftImg8bit/test_v2/14_fragment_19_frame_0082.png
leftImg8bit/test_v2/14_fragment_19_frame_0083.png
leftImg8bit/test_v2/14_fragment_19_frame_0084.png
leftImg8bit/test_v2/14_fragment_19_frame_0085.png
leftImg8bit/test_v2/14_fragment_19_frame_0086.png
leftImg8bit/test_v2/14_fragment_19_frame_0087.png
leftImg8bit/test_v2/14_fragment_19_frame_0088.png
leftImg8bit/test_v2/14_fragment_19_frame_0089.png
leftImg8bit/test_v2/14_fragment_19_frame_0090.png
leftImg8bit/test_v2/14_fragment_19_frame_0091.png
leftImg8bit/test_v2/14_fragment_19_frame_0092.png
leftImg8bit/test_v2/14_fragment_19_frame_0093.png
leftImg8bit/test_v2/14_fragment_19_frame_0094.png
leftImg8bit/test_v2/14_fragment_19_frame_0095.png
leftImg8bit/test_v2/14_fragment_19_frame_0096.png
leftImg8bit/test_v2/14_fragment_19_frame_0097.png
leftImg8bit/test_v2/14_fragment_19_frame_0098.png
leftImg8bit/test_v2/14_fragment_19_frame_0099.png
leftImg8bit/test_v2/14_fragment_19_frame_0100.png
leftImg8bit/test_v2/14_fragment_19_frame_0101.png
leftImg8bit/test_v2/14_fragment_19_frame_0102.png
leftImg8bit/test_v2/14_fragment_19_frame_0103.png
leftImg8bit/test_v2/14_fragment_19_frame_0104.png
leftImg8bit/test_v2/14_fragment_19_frame_0105.png
leftImg8bit/test_v2/14_fragment_19_frame_0106.png
leftImg8bit/test_v2/14_fragment_19_frame_0107.png
leftImg8bit/test_v2/14_fragment_19_frame_0108.png
leftImg8bit/test_v2/14_fragment_19_frame_0109.png
leftImg8bit/test_v2/14_fragment_19_frame_0110.png
leftImg8bit/test_v2/14_fragment_19_frame_0111.png
leftImg8bit/test_v2/14_fragment_19_frame_0112.png
leftImg8bit/test_v2/14_fragment_19_frame_0113.png
leftImg8bit/test_v2/14_fragment_19_frame_0114.png
leftImg8bit/test_v2/14_fragment_19_frame_0115.png
leftImg8bit/test_v2/14_fragment_19_frame_0116.png
leftImg8bit/test_v2/14_fragment_19_frame_0117.png
leftImg8bit/test_v2/14_fragment_19_frame_0118.png
leftImg8bit/test_v2/14_fragment_19_frame_0119.png
leftImg8bit/test_v2/14_fragment_19_frame_0120.png
leftImg8bit/test_v2/14_fragment_19_frame_0121.png
leftImg8bit/test_v2/14_fragment_19_frame_0122.png
leftImg8bit/test_v2/14_fragment_19_frame_0123.png
leftImg8bit/test_v2/14_fragment_19_frame_0124.png
leftImg8bit/test_v2/14_fragment_19_frame_0125.png
leftImg8bit/test_v2/14_fragment_19_frame_0126.png
leftImg8bit/test_v2/14_fragment_19_frame_0127.png
leftImg8bit/test_v2/14_fragment_19_frame_0128.png
leftImg8bit/test_v2/14_fragment_19_frame_0129.png
leftImg8bit/test_v2/14_fragment_19_frame_0130.png
leftImg8bit/test_v2/14_fragment_19_frame_0131.png
leftImg8bit/test_v2/14_fragment_19_frame_0132.png
leftImg8bit/test_v2/14_fragment_19_frame_0133.png
leftImg8bit/test_v2/14_fragment_19_frame_0134.png
leftImg8bit/test_v2/14_fragment_19_frame_0135.png
leftImg8bit/test_v2/14_fragment_19_frame_0136.png
leftImg8bit/test_v2/14_fragment_19_frame_0137.png
leftImg8bit/test_v2/14_fragment_19_frame_0138.png
leftImg8bit/test_v2/14_fragment_19_frame_0139.png
leftImg8bit/test_v2/14_fragment_19_frame_0140.png
leftImg8bit/test_v2/14_fragment_19_frame_0141.png
leftImg8bit/test_v2/14_fragment_19_frame_0142.png
leftImg8bit/test_v2/14_fragment_19_frame_0143.png
leftImg8bit/test_v2/14_fragment_19_frame_0144.png
leftImg8bit/test_v2/14_fragment_19_frame_0145.png
leftImg8bit/test_v2/14_fragment_19_frame_0146.png
leftImg8bit/test_v2/14_fragment_19_frame_0147.png
leftImg8bit/test_v2/14_fragment_19_frame_0148.png
leftImg8bit/test_v2/14_fragment_19_frame_0149.png
leftImg8bit/test_v2/14_fragment_19_frame_0150.png
leftImg8bit/test_v2/14_fragment_19_frame_0151.png
leftImg8bit/test_v2/14_fragment_19_frame_0152.png
leftImg8bit/test_v2/14_fragment_19_frame_0153.png
leftImg8bit/test_v2/14_fragment_19_frame_0154.png
leftImg8bit/test_v2/14_fragment_19_frame_0155.png
leftImg8bit/test_v2/14_fragment_19_frame_0156.png
leftImg8bit/test_v2/14_fragment_19_frame_0157.png
leftImg8bit/test_v2/14_fragment_19_frame_0158.png
leftImg8bit/test_v2/14_fragment_19_frame_0159.png
leftImg8bit/test_v2/14_fragment_19_frame_0160.png
leftImg8bit/test_v2/14_fragment_19_frame_0161.png
leftImg8bit/test_v2/14_fragment_19_frame_0162.png
leftImg8bit/test_v2/14_fragment_19_frame_0163.png
leftImg8bit/test_v2/14_fragment_19_frame_0164.png
leftImg8bit/test_v2/14_fragment_19_frame_0165.png
leftImg8bit/test_v2/14_fragment_19_frame_0166.png
leftImg8bit/test_v2/14_fragment_19_frame_0167.png
leftImg8bit/test_v2/14_fragment_19_frame_0168.png
leftImg8bit/test_v2/14_fragment_19_frame_0169.png
leftImg8bit/test_v2/14_fragment_19_frame_0170.png
leftImg8bit/test_v2/14_fragment_19_frame_0171.png
leftImg8bit/test_v2/14_fragment_19_frame_0172.png
leftImg8bit/test_v2/14_fragment_19_frame_0173.png
leftImg8bit/test_v2/14_fragment_19_frame_0174.png
leftImg8bit/test_v2/14_fragment_19_frame_0175.png
leftImg8bit/test_v2/14_fragment_19_frame_0176.png
leftImg8bit/test_v2/14_fragment_19_frame_0177.png
leftImg8bit/test_v2/14_fragment_19_frame_0178.png
leftImg8bit/test_v2/14_fragment_19_frame_0179.png
leftImg8bit/test_v2/14_fragment_19_frame_0180.png
leftImg8bit/test_v2/14_fragment_19_frame_0181.png
leftImg8bit/test_v2/14_fragment_19_frame_0182.png
leftImg8bit/test_v2/14_fragment_19_frame_0183.png
leftImg8bit/test_v2/14_fragment_19_frame_0184.png
leftImg8bit/test_v2/14_fragment_19_frame_0185.png
leftImg8bit/test_v2/14_fragment_19_frame_0186.png
leftImg8bit/test_v2/14_fragment_19_frame_0187.png
leftImg8bit/test_v2/14_fragment_19_frame_0188.png
leftImg8bit/test_v2/14_fragment_19_frame_0189.png
leftImg8bit/test_v2/14_fragment_19_frame_0190.png
leftImg8bit/test_v2/14_fragment_19_frame_0191.png
leftImg8bit/test_v2/14_fragment_19_frame_0192.png
leftImg8bit/test_v2/14_fragment_19_frame_0193.png
leftImg8bit/test_v2/14_fragment_19_frame_0194.png
leftImg8bit/test_v2/14_fragment_19_frame_0195.png
leftImg8bit/test_v2/14_fragment_19_frame_0196.png
leftImg8bit/test_v2/14_fragment_19_frame_0197.png
leftImg8bit/test_v2/14_fragment_19_frame_0198.png
leftImg8bit/test_v2/14_fragment_19_frame_0199.png
leftImg8bit/test_v2/14_fragment_19_frame_0200.png
leftImg8bit/test_v2/14_fragment_19_frame_0201.png
leftImg8bit/test_v2/14_fragment_19_frame_0202.png
leftImg8bit/test_v2/14_fragment_19_frame_0203.png
leftImg8bit/test_v2/14_fragment_19_frame_0204.png
leftImg8bit/test_v2/14_fragment_19_frame_0205.png
leftImg8bit/test_v2/14_fragment_19_frame_0206.png
leftImg8bit/test_v2/14_fragment_19_frame_0207.png
leftImg8bit/test_v2/14_fragment_19_frame_0208.png
leftImg8bit/test_v2/14_fragment_19_frame_0209.png
leftImg8bit/test_v2/14_fragment_19_frame_0210.png
leftImg8bit/test_v2/14_fragment_19_frame_0211.png
leftImg8bit/test_v2/14_fragment_19_frame_0212.png
leftImg8bit/test_v2/14_fragment_19_frame_0213.png
leftImg8bit/test_v2/14_fragment_19_frame_0214.png
leftImg8bit/test_v2/14_fragment_19_frame_0215.png
leftImg8bit/test_v2/14_fragment_19_frame_0216.png
leftImg8bit/test_v2/14_fragment_19_frame_0217.png
leftImg8bit/test_v2/14_fragment_19_frame_0218.png
leftImg8bit/test_v2/14_fragment_19_frame_0219.png
leftImg8bit/test_v2/14_fragment_19_frame_0220.png
leftImg8bit/test_v2/14_fragment_19_frame_0221.png
leftImg8bit/test_v2/14_fragment_19_frame_0222.png
leftImg8bit/test_v2/14_fragment_19_frame_0223.png
leftImg8bit/test_v2/14_fragment_19_frame_0224.png
leftImg8bit/test_v2/14_fragment_19_frame_0225.png
leftImg8bit/test_v2/14_fragment_19_frame_0226.png
leftImg8bit/test_v2/14_fragment_19_frame_0227.png
leftImg8bit/test_v2/14_fragment_19_frame_0228.png
leftImg8bit/test_v2/14_fragment_19_frame_0229.png
leftImg8bit/test_v2/14_fragment_19_frame_0230.png
leftImg8bit/test_v2/14_fragment_19_frame_0231.png
leftImg8bit/test_v2/14_fragment_19_frame_0232.png
leftImg8bit/test_v2/14_fragment_19_frame_0233.png
leftImg8bit/test_v2/14_fragment_19_frame_0234.png
leftImg8bit/test_v2/14_fragment_19_frame_0235.png
leftImg8bit/test_v2/14_fragment_19_frame_0236.png
leftImg8bit/test_v2/14_fragment_19_frame_0237.png
leftImg8bit/test_v2/14_fragment_19_frame_0238.png
leftImg8bit/test_v2/14_fragment_19_frame_0239.png
leftImg8bit/test_v2/14_fragment_19_frame_0240.png
leftImg8bit/test_v2/14_fragment_19_frame_0241.png
leftImg8bit/test_v2/14_fragment_19_frame_0242.png
leftImg8bit/test_v2/14_fragment_19_frame_0243.png
leftImg8bit/test_v2/14_fragment_19_frame_0244.png
leftImg8bit/test_v2/14_fragment_19_frame_0245.png
leftImg8bit/test_v2/14_fragment_19_frame_0246.png
leftImg8bit/test_v2/14_fragment_19_frame_0247.png
leftImg8bit/test_v2/14_fragment_19_frame_0248.png
leftImg8bit/test_v2/14_fragment_19_frame_0249.png
leftImg8bit/test_v2/14_fragment_19_frame_0250.png
leftImg8bit/test_v2/14_fragment_19_frame_0251.png
leftImg8bit/test_v2/14_fragment_19_frame_0252.png
leftImg8bit/test_v2/14_fragment_19_frame_0253.png
leftImg8bit/test_v2/14_fragment_19_frame_0254.png
leftImg8bit/test_v2/14_fragment_19_frame_0255.png
leftImg8bit/test_v2/14_fragment_19_frame_0256.png
leftImg8bit/test_v2/14_fragment_19_frame_0257.png
leftImg8bit/test_v2/14_fragment_19_frame_0258.png
leftImg8bit/test_v2/14_fragment_19_frame_0259.png
leftImg8bit/test_v2/14_fragment_19_frame_0260.png
leftImg8bit/test_v2/14_fragment_19_frame_0261.png
leftImg8bit/test_v2/14_fragment_19_frame_0262.png
leftImg8bit/test_v2/14_fragment_19_frame_0263.png
leftImg8bit/test_v2/14_fragment_19_frame_0264.png
leftImg8bit/test_v2/14_fragment_19_frame_0265.png
leftImg8bit/test_v2/14_fragment_19_frame_0266.png
leftImg8bit/test_v2/14_fragment_19_frame_0267.png
leftImg8bit/test_v2/14_fragment_19_frame_0268.png
leftImg8bit/test_v2/14_fragment_19_frame_0269.png
leftImg8bit/test_v2/14_fragment_19_frame_0270.png
leftImg8bit/test_v2/14_fragment_19_frame_0271.png
leftImg8bit/test_v2/14_fragment_19_frame_0272.png
leftImg8bit/test_v2/14_fragment_19_frame_0273.png
leftImg8bit/test_v2/14_fragment_19_frame_0274.png
leftImg8bit/test_v2/14_fragment_19_frame_0275.png
leftImg8bit/test_v2/14_fragment_19_frame_0276.png
leftImg8bit/test_v2/14_fragment_19_frame_0277.png
leftImg8bit/test_v2/14_fragment_19_frame_0278.png
leftImg8bit/test_v2/14_fragment_19_frame_0279.png
leftImg8bit/test_v2/14_fragment_19_frame_0280.png
leftImg8bit/test_v2/14_fragment_19_frame_0281.png
leftImg8bit/test_v2/14_fragment_19_frame_0282.png
leftImg8bit/test_v2/14_fragment_19_frame_0283.png
leftImg8bit/test_v2/14_fragment_19_frame_0284.png
leftImg8bit/test_v2/14_fragment_19_frame_0285.png
leftImg8bit/test_v2/14_fragment_19_frame_0286.png
leftImg8bit/test_v2/14_fragment_19_frame_0287.png
leftImg8bit/test_v2/14_fragment_19_frame_0288.png
leftImg8bit/test_v2/14_fragment_19_frame_0289.png
leftImg8bit/test_v2/14_fragment_19_frame_0290.png
leftImg8bit/test_v2/14_fragment_19_frame_0291.png
leftImg8bit/test_v2/14_fragment_19_frame_0292.png
leftImg8bit/test_v2/14_fragment_19_frame_0293.png
leftImg8bit/test_v2/14_fragment_19_frame_0294.png
leftImg8bit/test_v2/14_fragment_19_frame_0295.png
leftImg8bit/test_v2/14_fragment_19_frame_0296.png
leftImg8bit/test_v2/14_fragment_19_frame_0297.png
leftImg8bit/test_v2/14_fragment_19_frame_0298.png
leftImg8bit/test_v2/14_fragment_19_frame_0299.png
leftImg8bit/test_v2/14_fragment_19_frame_0300.png
leftImg8bit/test_v2/14_fragment_19_frame_0301.png
leftImg8bit/test_v2/14_fragment_19_frame_0302.png
leftImg8bit/test_v2/14_fragment_19_frame_0303.png
leftImg8bit/test_v2/14_fragment_19_frame_0304.png
leftImg8bit/test_v2/14_fragment_19_frame_0305.png
leftImg8bit/test_v2/14_fragment_19_frame_0306.png
leftImg8bit/test_v2/14_fragment_19_frame_0307.png
leftImg8bit/test_v2/14_fragment_19_frame_0308.png
leftImg8bit/test_v2/14_fragment_19_frame_0309.png
leftImg8bit/test_v2/14_fragment_19_frame_0310.png
leftImg8bit/test_v2/14_fragment_19_frame_0311.png
leftImg8bit/test_v2/14_fragment_19_frame_0312.png
leftImg8bit/test_v2/14_fragment_19_frame_0313.png
leftImg8bit/test_v2/14_fragment_19_frame_0314.png
leftImg8bit/test_v2/14_fragment_19_frame_0315.png
leftImg8bit/test_v2/14_fragment_19_frame_0316.png
leftImg8bit/test_v2/14_fragment_19_frame_0317.png
leftImg8bit/test_v2/14_fragment_19_frame_0318.png
leftImg8bit/test_v2/14_fragment_19_frame_0319.png
leftImg8bit/test_v2/14_fragment_19_frame_0320.png
leftImg8bit/test_v2/14_fragment_19_frame_0321.png
leftImg8bit/test_v2/14_fragment_19_frame_0322.png
leftImg8bit/test_v2/14_fragment_19_frame_0323.png
leftImg8bit/test_v2/14_fragment_19_frame_0324.png
leftImg8bit/test_v2/14_fragment_19_frame_0325.png
leftImg8bit/test_v2/14_fragment_19_frame_0326.png
leftImg8bit/test_v2/14_fragment_19_frame_0327.png
leftImg8bit/test_v2/14_fragment_19_frame_0328.png
leftImg8bit/test_v2/14_fragment_19_frame_0329.png
leftImg8bit/test_v2/14_fragment_19_frame_0330.png
leftImg8bit/test_v2/14_fragment_19_frame_0331.png
leftImg8bit/test_v2/14_fragment_19_frame_0332.png
leftImg8bit/test_v2/14_fragment_19_frame_0333.png
leftImg8bit/test_v2/14_fragment_19_frame_0334.png
leftImg8bit/test_v2/14_fragment_19_frame_0335.png
leftImg8bit/test_v2/14_fragment_19_frame_0336.png
leftImg8bit/test_v2/14_fragment_19_frame_0337.png
leftImg8bit/test_v2/14_fragment_19_frame_0338.png
leftImg8bit/test_v2/14_fragment_19_frame_0339.png
leftImg8bit/test_v2/14_fragment_19_frame_0340.png
leftImg8bit/test_v2/14_fragment_19_frame_0341.png
leftImg8bit/test_v2/14_fragment_19_frame_0342.png
leftImg8bit/test_v2/14_fragment_19_frame_0343.png
leftImg8bit/test_v2/14_fragment_19_frame_0344.png
leftImg8bit/test_v2/14_fragment_19_frame_0345.png
leftImg8bit/test_v2/14_fragment_19_frame_0346.png
leftImg8bit/test_v2/14_fragment_19_frame_0347.png
leftImg8bit/test_v2/14_fragment_19_frame_0348.png
leftImg8bit/test_v2/14_fragment_19_frame_0349.png
leftImg8bit/test_v2/14_fragment_19_frame_0350.png
leftImg8bit/test_v2/14_fragment_19_frame_0351.png
leftImg8bit/test_v2/14_fragment_19_frame_0352.png
leftImg8bit/test_v2/14_fragment_19_frame_0353.png
leftImg8bit/test_v2/14_fragment_19_frame_0354.png
leftImg8bit/test_v2/14_fragment_19_frame_0355.png
leftImg8bit/test_v2/14_fragment_19_frame_0356.png
leftImg8bit/test_v2/14_fragment_19_frame_0357.png
leftImg8bit/test_v2/14_fragment_19_frame_0358.png
leftImg8bit/test_v2/14_fragment_19_frame_0359.png
leftImg8bit/test_v2/14_fragment_19_frame_0360.png
leftImg8bit/test_v2/14_fragment_19_frame_0361.png
leftImg8bit/test_v2/14_fragment_19_frame_0362.png
leftImg8bit/test_v2/14_fragment_19_frame_0363.png
leftImg8bit/test_v2/14_fragment_19_frame_0364.png
leftImg8bit/test_v2/14_fragment_19_frame_0365.png
leftImg8bit/test_v2/14_fragment_19_frame_0366.png
leftImg8bit/test_v2/14_fragment_19_frame_0367.png
leftImg8bit/test_v2/14_fragment_19_frame_0368.png
leftImg8bit/test_v2/14_fragment_19_frame_0369.png
leftImg8bit/test_v2/14_fragment_19_frame_0370.png
leftImg8bit/test_v2/14_fragment_19_frame_0371.png
leftImg8bit/test_v2/14_fragment_19_frame_0372.png
leftImg8bit/test_v2/14_fragment_19_frame_0373.png
leftImg8bit/test_v2/14_fragment_19_frame_0374.png
leftImg8bit/test_v2/14_fragment_19_frame_0375.png
leftImg8bit/test_v2/14_fragment_19_frame_0376.png
leftImg8bit/test_v2/14_fragment_19_frame_0377.png
leftImg8bit/test_v2/14_fragment_19_frame_0378.png
leftImg8bit/test_v2/14_fragment_19_frame_0379.png
leftImg8bit/test_v2/14_fragment_19_frame_0380.png
leftImg8bit/test_v2/14_fragment_19_frame_0381.png
leftImg8bit/test_v2/14_fragment_19_frame_0382.png
leftImg8bit/test_v2/14_fragment_19_frame_0383.png
leftImg8bit/test_v2/14_fragment_19_frame_0384.png
leftImg8bit/test_v2/14_fragment_19_frame_0385.png
leftImg8bit/test_v2/14_fragment_19_frame_0386.png
leftImg8bit/test_v2/14_fragment_19_frame_0387.png
leftImg8bit/test_v2/14_fragment_19_frame_0388.png
leftImg8bit/test_v2/14_fragment_19_frame_0389.png
leftImg8bit/test_v2/14_fragment_19_frame_0390.png
leftImg8bit/test_v2/14_fragment_19_frame_0391.png
leftImg8bit/test_v2/14_fragment_19_frame_0392.png
